Component: Arm Compiler for Embedded 6.24 Tool: armlink [5f371500]

==============================================================================

Section Cross References

    display.o(.ARM.exidx.text.delayMs) refers to display.o(.text.delayMs) for [Anonymous Symbol]
    display.o(.ARM.exidx.text.display_init) refers to display.o(.text.display_init) for [Anonymous Symbol]
    display.o(.ARM.exidx.text.set_leds) refers to display.o(.text.set_leds) for [Anonymous Symbol]
    display.o(.text.input_letter) refers to fonts.o(.text.get_font) for get_font
    display.o(.text.input_letter) refers to display.o(.bss.display_data) for display_data
    display.o(.ARM.exidx.text.input_letter) refers to display.o(.text.input_letter) for [Anonymous Symbol]
    display.o(.text.display_letter) refers to fonts.o(.text.get_font) for get_font
    display.o(.text.display_letter) refers to display.o(.text.set_leds) for set_leds
    display.o(.text.display_letter) refers to display.o(.text.delayMs) for delayMs
    display.o(.ARM.exidx.text.display_letter) refers to display.o(.text.display_letter) for [Anonymous Symbol]
    final.o(.text.motor_and_display_init) refers to final.o(.text.__NVIC_SetPriority) for __NVIC_SetPriority
    final.o(.text.motor_and_display_init) refers to final.o(.text.__NVIC_EnableIRQ) for __NVIC_EnableIRQ
    final.o(.ARM.exidx.text.motor_and_display_init) refers to final.o(.text.motor_and_display_init) for [Anonymous Symbol]
    final.o(.ARM.exidx.text.__NVIC_SetPriority) refers to final.o(.text.__NVIC_SetPriority) for [Anonymous Symbol]
    final.o(.ARM.exidx.text.__NVIC_EnableIRQ) refers to final.o(.text.__NVIC_EnableIRQ) for [Anonymous Symbol]
    final.o(.text.EXTI15_10_IRQHandler) refers to final.o(.bss.motor_run) for motor_run
    final.o(.text.EXTI15_10_IRQHandler) refers to final.o(.bss.section) for section
    final.o(.text.EXTI15_10_IRQHandler) refers to final.o(.data.string_display) for string_display
    final.o(.text.EXTI15_10_IRQHandler) refers to display.o(.text.display_letter) for display_letter
    final.o(.ARM.exidx.text.EXTI15_10_IRQHandler) refers to final.o(.text.EXTI15_10_IRQHandler) for [Anonymous Symbol]
    final.o(.text.str_populate) refers to final.o(.data.string_display) for string_display
    final.o(.ARM.exidx.text.str_populate) refers to final.o(.text.str_populate) for [Anonymous Symbol]
    final.o(.text.main) refers to display.o(.text.display_init) for display_init
    final.o(.text.main) refers to final.o(.text.motor_and_display_init) for motor_and_display_init
    final.o(.text.main) refers to uart.o(.text.initUart) for initUart
    final.o(.text.main) refers to uart.o(.text.getsUart) for getsUart
    final.o(.text.main) refers to final.o(.text.str_populate) for str_populate
    final.o(.text.main) refers to uart.o(.text.putsUart) for putsUart
    final.o(.text.main) refers to uart.o(.text.putcUart) for putcUart
    final.o(.ARM.exidx.text.main) refers to final.o(.text.main) for [Anonymous Symbol]
    fonts.o(.text.get_font) refers to fonts.o(.data.font_A) for font_A
    fonts.o(.text.get_font) refers to fonts.o(.data.font_B) for font_B
    fonts.o(.text.get_font) refers to fonts.o(.data.font_C) for font_C
    fonts.o(.text.get_font) refers to fonts.o(.data.font_D) for font_D
    fonts.o(.text.get_font) refers to fonts.o(.data.font_E) for font_E
    fonts.o(.text.get_font) refers to fonts.o(.data.font_F) for font_F
    fonts.o(.text.get_font) refers to fonts.o(.data.font_G) for font_G
    fonts.o(.text.get_font) refers to fonts.o(.data.font_H) for font_H
    fonts.o(.text.get_font) refers to fonts.o(.data.font_I) for font_I
    fonts.o(.text.get_font) refers to fonts.o(.data.font_J) for font_J
    fonts.o(.text.get_font) refers to fonts.o(.data.font_K) for font_K
    fonts.o(.text.get_font) refers to fonts.o(.data.font_L) for font_L
    fonts.o(.text.get_font) refers to fonts.o(.data.font_M) for font_M
    fonts.o(.text.get_font) refers to fonts.o(.data.font_N) for font_N
    fonts.o(.text.get_font) refers to fonts.o(.data.font_O) for font_O
    fonts.o(.text.get_font) refers to fonts.o(.data.font_P) for font_P
    fonts.o(.text.get_font) refers to fonts.o(.data.font_Q) for font_Q
    fonts.o(.text.get_font) refers to fonts.o(.data.font_R) for font_R
    fonts.o(.text.get_font) refers to fonts.o(.data.font_S) for font_S
    fonts.o(.text.get_font) refers to fonts.o(.data.font_T) for font_T
    fonts.o(.text.get_font) refers to fonts.o(.data.font_U) for font_U
    fonts.o(.text.get_font) refers to fonts.o(.data.font_V) for font_V
    fonts.o(.text.get_font) refers to fonts.o(.data.font_W) for font_W
    fonts.o(.text.get_font) refers to fonts.o(.data.font_X) for font_X
    fonts.o(.text.get_font) refers to fonts.o(.data.font_Y) for font_Y
    fonts.o(.text.get_font) refers to fonts.o(.data.font_Z) for font_Z
    fonts.o(.text.get_font) refers to fonts.o(.data.font_0) for font_0
    fonts.o(.text.get_font) refers to fonts.o(.data.font_1) for font_1
    fonts.o(.text.get_font) refers to fonts.o(.data.font_2) for font_2
    fonts.o(.text.get_font) refers to fonts.o(.data.font_3) for font_3
    fonts.o(.text.get_font) refers to fonts.o(.data.font_4) for font_4
    fonts.o(.text.get_font) refers to fonts.o(.data.font_5) for font_5
    fonts.o(.text.get_font) refers to fonts.o(.data.font_6) for font_6
    fonts.o(.text.get_font) refers to fonts.o(.data.font_7) for font_7
    fonts.o(.text.get_font) refers to fonts.o(.data.font_8) for font_8
    fonts.o(.text.get_font) refers to fonts.o(.data.font_9) for font_9
    fonts.o(.text.get_font) refers to fonts.o(.data.font_period) for font_period
    fonts.o(.text.get_font) refers to fonts.o(.data.font_comma) for font_comma
    fonts.o(.text.get_font) refers to fonts.o(.data.font_exclam) for font_exclam
    fonts.o(.text.get_font) refers to fonts.o(.data.font_question) for font_question
    fonts.o(.text.get_font) refers to fonts.o(.data.font_dash) for font_dash
    fonts.o(.text.get_font) refers to fonts.o(.data.font_colon) for font_colon
    fonts.o(.text.get_font) refers to fonts.o(.bss.font_space) for font_space
    fonts.o(.ARM.exidx.text.get_font) refers to fonts.o(.text.get_font) for [Anonymous Symbol]
    uart.o(.text.initUart) refers to uart.o(.text._delay_cycles) for _delay_cycles
    uart.o(.text.initUart) refers to system_stm32f4xx.o(.data.SystemCoreClock) for SystemCoreClock
    uart.o(.ARM.exidx.text.initUart) refers to uart.o(.text.initUart) for [Anonymous Symbol]
    uart.o(.ARM.exidx.text._delay_cycles) refers to uart.o(.text._delay_cycles) for [Anonymous Symbol]
    uart.o(.text.setUartBaudRate) refers to system_stm32f4xx.o(.data.SystemCoreClock) for SystemCoreClock
    uart.o(.ARM.exidx.text.setUartBaudRate) refers to uart.o(.text.setUartBaudRate) for [Anonymous Symbol]
    uart.o(.ARM.exidx.text.putcUart) refers to uart.o(.text.putcUart) for [Anonymous Symbol]
    uart.o(.text.putsUart) refers to uart.o(.text.putcUart) for putcUart
    uart.o(.ARM.exidx.text.putsUart) refers to uart.o(.text.putsUart) for [Anonymous Symbol]
    uart.o(.text.getcUart) refers to uart.o(.rodata.str1.1) for .L.str
    uart.o(.text.getcUart) refers to uart.o(.text.putcUart) for putcUart
    uart.o(.ARM.exidx.text.getcUart) refers to uart.o(.text.getcUart) for [Anonymous Symbol]
    uart.o(.ARM.exidx.text.kbhitUart) refers to uart.o(.text.kbhitUart) for [Anonymous Symbol]
    uart.o(.text.getsUart) refers to uart.o(.text.getcUart) for getcUart
    uart.o(.text.getsUart) refers to uart.o(.text.putcUart) for putcUart
    uart.o(.ARM.exidx.text.getsUart) refers to uart.o(.text.getsUart) for [Anonymous Symbol]
    uart.o(.ARM.exidx.text.parseFields) refers to uart.o(.text.parseFields) for [Anonymous Symbol]
    uart.o(.ARM.exidx.text.compare_strings) refers to uart.o(.text.compare_strings) for [Anonymous Symbol]
    uart.o(.ARM.exidx.text.alphabetToInteger) refers to uart.o(.text.alphabetToInteger) for [Anonymous Symbol]
    uart.o(.ARM.exidx.text.getFieldString) refers to uart.o(.text.getFieldString) for [Anonymous Symbol]
    uart.o(.text.getFieldInteger) refers to uart.o(.text.alphabetToInteger) for alphabetToInteger
    uart.o(.ARM.exidx.text.getFieldInteger) refers to uart.o(.text.getFieldInteger) for [Anonymous Symbol]
    uart.o(.text.isCommand) refers to uart.o(.text.compare_strings) for compare_strings
    uart.o(.ARM.exidx.text.isCommand) refers to uart.o(.text.isCommand) for [Anonymous Symbol]
    startup_stm32f446xx.o(STACK) refers (Special) to heapauxi.o(.text) for __use_two_region_memory
    startup_stm32f446xx.o(HEAP) refers (Special) to heapauxi.o(.text) for __use_two_region_memory
    startup_stm32f446xx.o(RESET) refers (Special) to heapauxi.o(.text) for __use_two_region_memory
    startup_stm32f446xx.o(RESET) refers to startup_stm32f446xx.o(STACK) for __initial_sp
    startup_stm32f446xx.o(RESET) refers to startup_stm32f446xx.o(.text) for Reset_Handler
    startup_stm32f446xx.o(RESET) refers to final.o(.text.EXTI15_10_IRQHandler) for EXTI15_10_IRQHandler
    startup_stm32f446xx.o(.text) refers (Special) to heapauxi.o(.text) for __use_two_region_memory
    startup_stm32f446xx.o(.text) refers to system_stm32f4xx.o(.text.SystemInit) for SystemInit
    startup_stm32f446xx.o(.text) refers to __main.o(!!!main) for __main
    startup_stm32f446xx.o(.text) refers to startup_stm32f446xx.o(HEAP) for Heap_Mem
    startup_stm32f446xx.o(.text) refers to startup_stm32f446xx.o(STACK) for Stack_Mem
    system_stm32f4xx.o(.ARM.exidx.text.SystemInit) refers to system_stm32f4xx.o(.text.SystemInit) for [Anonymous Symbol]
    system_stm32f4xx.o(.text.SystemCoreClockUpdate) refers to system_stm32f4xx.o(.data.SystemCoreClock) for SystemCoreClock
    system_stm32f4xx.o(.text.SystemCoreClockUpdate) refers to system_stm32f4xx.o(.rodata.AHBPrescTable) for AHBPrescTable
    system_stm32f4xx.o(.ARM.exidx.text.SystemCoreClockUpdate) refers to system_stm32f4xx.o(.text.SystemCoreClockUpdate) for [Anonymous Symbol]
    __main.o(!!!main) refers to __rtentry.o(.ARM.Collect$$rtentry$$00000000) for __rt_entry
    __rtentry.o(.ARM.Collect$$rtentry$$00000000) refers (Special) to __rtentry2.o(.ARM.Collect$$rtentry$$0000000A) for __rt_entry_li
    __rtentry.o(.ARM.Collect$$rtentry$$00000000) refers (Special) to __rtentry2.o(.ARM.Collect$$rtentry$$0000000D) for __rt_entry_main
    __rtentry.o(.ARM.Collect$$rtentry$$00000000) refers (Special) to __rtentry2.o(.ARM.Collect$$rtentry$$0000000C) for __rt_entry_postli_1
    __rtentry.o(.ARM.Collect$$rtentry$$00000000) refers (Special) to __rtentry2.o(.ARM.Collect$$rtentry$$00000009) for __rt_entry_postsh_1
    __rtentry.o(.ARM.Collect$$rtentry$$00000000) refers (Special) to __rtentry2.o(.ARM.Collect$$rtentry$$00000002) for __rt_entry_presh_1
    __rtentry.o(.ARM.Collect$$rtentry$$00000000) refers (Special) to __rtentry4.o(.ARM.Collect$$rtentry$$00000004) for __rt_entry_sh
    __rtentry2.o(.ARM.Collect$$rtentry$$00000008) refers to boardinit2.o(.text) for _platform_post_stackheap_init
    __rtentry2.o(.ARM.Collect$$rtentry$$0000000A) refers to libinit.o(.ARM.Collect$$libinit$$00000000) for __rt_lib_init
    __rtentry2.o(.ARM.Collect$$rtentry$$0000000B) refers to boardinit3.o(.text) for _platform_post_lib_init
    __rtentry2.o(.ARM.Collect$$rtentry$$0000000D) refers to final.o(.text.main) for main
    __rtentry2.o(.ARM.Collect$$rtentry$$0000000D) refers to exit.o(.text) for exit
    __rtentry2.o(.ARM.exidx) refers to __rtentry2.o(.ARM.Collect$$rtentry$$00000001) for .ARM.Collect$$rtentry$$00000001
    __rtentry2.o(.ARM.exidx) refers to __rtentry2.o(.ARM.Collect$$rtentry$$00000008) for .ARM.Collect$$rtentry$$00000008
    __rtentry2.o(.ARM.exidx) refers to __rtentry2.o(.ARM.Collect$$rtentry$$0000000A) for .ARM.Collect$$rtentry$$0000000A
    __rtentry2.o(.ARM.exidx) refers to __rtentry2.o(.ARM.Collect$$rtentry$$0000000B) for .ARM.Collect$$rtentry$$0000000B
    __rtentry2.o(.ARM.exidx) refers to __rtentry2.o(.ARM.Collect$$rtentry$$0000000D) for .ARM.Collect$$rtentry$$0000000D
    __rtentry4.o(.ARM.Collect$$rtentry$$00000004) refers to sys_stackheap_outer.o(.text) for __user_setup_stackheap
    __rtentry4.o(.ARM.exidx) refers to __rtentry4.o(.ARM.Collect$$rtentry$$00000004) for .ARM.Collect$$rtentry$$00000004
    sys_stackheap_outer.o(.text) refers to libspace.o(.text) for __user_perproc_libspace
    sys_stackheap_outer.o(.text) refers to startup_stm32f446xx.o(.text) for __user_initial_stackheap
    exit.o(.text) refers to rtexit.o(.ARM.Collect$$rtexit$$00000000) for __rt_exit
    libinit.o(.ARM.Collect$$libinit$$00000000) refers (Special) to libinit2.o(.ARM.Collect$$libinit$$00000030) for __rt_lib_init_alloca_1
    libinit.o(.ARM.Collect$$libinit$$00000000) refers (Special) to libinit2.o(.ARM.Collect$$libinit$$0000002E) for __rt_lib_init_argv_1
    libinit.o(.ARM.Collect$$libinit$$00000000) refers (Special) to libinit2.o(.ARM.Collect$$libinit$$0000001D) for __rt_lib_init_atexit_1
    libinit.o(.ARM.Collect$$libinit$$00000000) refers (Special) to libinit2.o(.ARM.Collect$$libinit$$00000023) for __rt_lib_init_clock_1
    libinit.o(.ARM.Collect$$libinit$$00000000) refers (Special) to libinit2.o(.ARM.Collect$$libinit$$00000034) for __rt_lib_init_cpp_1
    libinit.o(.ARM.Collect$$libinit$$00000000) refers (Special) to libinit2.o(.ARM.Collect$$libinit$$00000032) for __rt_lib_init_exceptions_1
    libinit.o(.ARM.Collect$$libinit$$00000000) refers (Special) to libinit2.o(.ARM.Collect$$libinit$$00000001) for __rt_lib_init_fp_1
    libinit.o(.ARM.Collect$$libinit$$00000000) refers (Special) to libinit2.o(.ARM.Collect$$libinit$$00000021) for __rt_lib_init_fp_trap_1
    libinit.o(.ARM.Collect$$libinit$$00000000) refers (Special) to libinit2.o(.ARM.Collect$$libinit$$00000025) for __rt_lib_init_getenv_1
    libinit.o(.ARM.Collect$$libinit$$00000000) refers (Special) to libinit2.o(.ARM.Collect$$libinit$$0000000C) for __rt_lib_init_heap_1
    libinit.o(.ARM.Collect$$libinit$$00000000) refers (Special) to libinit2.o(.ARM.Collect$$libinit$$00000013) for __rt_lib_init_lc_collate_1
    libinit.o(.ARM.Collect$$libinit$$00000000) refers (Special) to libinit2.o(.ARM.Collect$$libinit$$00000015) for __rt_lib_init_lc_ctype_1
    libinit.o(.ARM.Collect$$libinit$$00000000) refers (Special) to libinit2.o(.ARM.Collect$$libinit$$00000017) for __rt_lib_init_lc_monetary_1
    libinit.o(.ARM.Collect$$libinit$$00000000) refers (Special) to libinit2.o(.ARM.Collect$$libinit$$00000019) for __rt_lib_init_lc_numeric_1
    libinit.o(.ARM.Collect$$libinit$$00000000) refers (Special) to libinit2.o(.ARM.Collect$$libinit$$0000001B) for __rt_lib_init_lc_time_1
    libinit.o(.ARM.Collect$$libinit$$00000000) refers (Special) to libinit2.o(.ARM.Collect$$libinit$$00000006) for __rt_lib_init_preinit_1
    libinit.o(.ARM.Collect$$libinit$$00000000) refers (Special) to libinit2.o(.ARM.Collect$$libinit$$00000010) for __rt_lib_init_rand_1
    libinit.o(.ARM.Collect$$libinit$$00000000) refers (Special) to libinit2.o(.ARM.Collect$$libinit$$00000004) for __rt_lib_init_relocate_pie_1
    libinit.o(.ARM.Collect$$libinit$$00000000) refers (Special) to libinit2.o(.ARM.Collect$$libinit$$00000035) for __rt_lib_init_return
    libinit.o(.ARM.Collect$$libinit$$00000000) refers (Special) to libinit2.o(.ARM.Collect$$libinit$$0000001F) for __rt_lib_init_signal_1
    libinit.o(.ARM.Collect$$libinit$$00000000) refers (Special) to libinit2.o(.ARM.Collect$$libinit$$00000027) for __rt_lib_init_stdio_1
    libinit.o(.ARM.Collect$$libinit$$00000000) refers (Special) to libinit2.o(.ARM.Collect$$libinit$$0000000E) for __rt_lib_init_user_alloc_1
    libspace.o(.text) refers to libspace.o(.bss) for __libspace_start
    rtexit.o(.ARM.Collect$$rtexit$$00000000) refers (Special) to rtexit2.o(.ARM.Collect$$rtexit$$00000004) for __rt_exit_exit
    rtexit.o(.ARM.Collect$$rtexit$$00000000) refers (Special) to rtexit2.o(.ARM.Collect$$rtexit$$00000003) for __rt_exit_ls
    rtexit.o(.ARM.Collect$$rtexit$$00000000) refers (Special) to rtexit2.o(.ARM.Collect$$rtexit$$00000002) for __rt_exit_prels_1
    rtexit.o(.ARM.exidx) refers (Special) to rtexit2.o(.ARM.Collect$$rtexit$$00000004) for __rt_exit_exit
    rtexit.o(.ARM.exidx) refers (Special) to rtexit2.o(.ARM.Collect$$rtexit$$00000003) for __rt_exit_ls
    rtexit.o(.ARM.exidx) refers (Special) to rtexit2.o(.ARM.Collect$$rtexit$$00000002) for __rt_exit_prels_1
    rtexit.o(.ARM.exidx) refers to rtexit.o(.ARM.Collect$$rtexit$$00000000) for .ARM.Collect$$rtexit$$00000000
    libinit2.o(.ARM.Collect$$libinit$$00000001) refers to fpinit.o(x$fpl$fpinit) for _fp_init
    libinit2.o(.ARM.Collect$$libinit$$00000012) refers to libinit2.o(.ARM.Collect$$libinit$$00000011) for .ARM.Collect$$libinit$$00000011
    libinit2.o(.ARM.Collect$$libinit$$00000014) refers to libinit2.o(.ARM.Collect$$libinit$$00000011) for .ARM.Collect$$libinit$$00000011
    libinit2.o(.ARM.Collect$$libinit$$00000016) refers to libinit2.o(.ARM.Collect$$libinit$$00000011) for .ARM.Collect$$libinit$$00000011
    libinit2.o(.ARM.Collect$$libinit$$00000018) refers to libinit2.o(.ARM.Collect$$libinit$$00000011) for .ARM.Collect$$libinit$$00000011
    libinit2.o(.ARM.Collect$$libinit$$0000001A) refers to libinit2.o(.ARM.Collect$$libinit$$00000011) for .ARM.Collect$$libinit$$00000011
    libinit2.o(.ARM.Collect$$libinit$$00000028) refers to argv_veneer.o(.emb_text) for __ARM_argv_veneer
    libinit2.o(.ARM.Collect$$libinit$$00000029) refers to argv_veneer.o(.emb_text) for __ARM_argv_veneer
    rtexit2.o(.ARM.Collect$$rtexit$$00000003) refers to libshutdown.o(.ARM.Collect$$libshutdown$$00000000) for __rt_lib_shutdown
    rtexit2.o(.ARM.Collect$$rtexit$$00000004) refers to sys_exit.o(.text) for _sys_exit
    rtexit2.o(.ARM.exidx) refers to rtexit2.o(.ARM.Collect$$rtexit$$00000001) for .ARM.Collect$$rtexit$$00000001
    rtexit2.o(.ARM.exidx) refers to rtexit2.o(.ARM.Collect$$rtexit$$00000003) for .ARM.Collect$$rtexit$$00000003
    rtexit2.o(.ARM.exidx) refers to rtexit2.o(.ARM.Collect$$rtexit$$00000004) for .ARM.Collect$$rtexit$$00000004
    argv_veneer.o(.emb_text) refers to no_argv.o(.text) for __ARM_get_argv
    sys_exit.o(.text) refers (Special) to use_no_semi.o(.text) for __I$use$semihosting
    sys_exit.o(.text) refers (Special) to indicate_semi.o(.text) for __semihosting_library_function
    sys_exit_hlt.o(.text) refers (Special) to use_no_semi.o(.text) for __I$use$semihosting
    sys_exit_hlt.o(.text) refers (Special) to indicate_semi.o(.text) for __semihosting_library_function
    _get_argv_nomalloc.o(.text) refers (Special) to hrguard.o(.text) for __heap_region$guard
    _get_argv_nomalloc.o(.text) refers to defsig_rtmem_outer.o(.text) for __rt_SIGRTMEM
    _get_argv_nomalloc.o(.text) refers to sys_command.o(.text) for _sys_command_string
    libshutdown.o(.ARM.Collect$$libshutdown$$00000000) refers (Special) to libshutdown2.o(.ARM.Collect$$libshutdown$$00000002) for __rt_lib_shutdown_cpp_1
    libshutdown.o(.ARM.Collect$$libshutdown$$00000000) refers (Special) to libshutdown2.o(.ARM.Collect$$libshutdown$$00000007) for __rt_lib_shutdown_fp_trap_1
    libshutdown.o(.ARM.Collect$$libshutdown$$00000000) refers (Special) to libshutdown2.o(.ARM.Collect$$libshutdown$$0000000F) for __rt_lib_shutdown_heap_1
    libshutdown.o(.ARM.Collect$$libshutdown$$00000000) refers (Special) to libshutdown2.o(.ARM.Collect$$libshutdown$$00000010) for __rt_lib_shutdown_return
    libshutdown.o(.ARM.Collect$$libshutdown$$00000000) refers (Special) to libshutdown2.o(.ARM.Collect$$libshutdown$$0000000A) for __rt_lib_shutdown_signal_1
    libshutdown.o(.ARM.Collect$$libshutdown$$00000000) refers (Special) to libshutdown2.o(.ARM.Collect$$libshutdown$$00000004) for __rt_lib_shutdown_stdio_1
    libshutdown.o(.ARM.Collect$$libshutdown$$00000000) refers (Special) to libshutdown2.o(.ARM.Collect$$libshutdown$$0000000C) for __rt_lib_shutdown_user_alloc_1
    sys_command.o(.text) refers (Special) to use_no_semi.o(.text) for __I$use$semihosting
    sys_command.o(.text) refers (Special) to indicate_semi.o(.text) for __semihosting_library_function
    sys_command_hlt.o(.text) refers (Special) to use_no_semi.o(.text) for __I$use$semihosting
    sys_command_hlt.o(.text) refers (Special) to indicate_semi.o(.text) for __semihosting_library_function
    defsig_rtmem_outer.o(.text) refers to defsig_rtmem_inner.o(.text) for __rt_SIGRTMEM_inner
    defsig_rtmem_outer.o(.text) refers to defsig_exit.o(.text) for __sig_exit
    defsig_rtmem_formal.o(.text) refers to rt_raise.o(.text) for __rt_raise
    rt_raise.o(.text) refers to __raise.o(.text) for __raise
    rt_raise.o(.text) refers to sys_exit.o(.text) for _sys_exit
    defsig_exit.o(.text) refers to sys_exit.o(.text) for _sys_exit
    defsig_rtmem_inner.o(.text) refers to defsig_general.o(.text) for __default_signal_display
    __raise.o(.text) refers to defsig.o(CL$$defsig) for __default_signal_handler
    defsig_general.o(.text) refers to sys_wrch.o(.text) for _ttywrch
    sys_wrch.o(.text) refers (Special) to use_no_semi.o(.text) for __I$use$semihosting
    sys_wrch.o(.text) refers (Special) to indicate_semi.o(.text) for __semihosting_library_function
    sys_wrch_hlt.o(.text) refers (Special) to use_no_semi.o(.text) for __I$use$semihosting
    sys_wrch_hlt.o(.text) refers (Special) to indicate_semi.o(.text) for __semihosting_library_function
    defsig.o(CL$$defsig) refers to defsig_rtmem_inner.o(.text) for __rt_SIGRTMEM_inner
    defsig_abrt_inner.o(.text) refers to defsig_general.o(.text) for __default_signal_display
    defsig_fpe_inner.o(.text) refers to defsig_general.o(.text) for __default_signal_display
    defsig_rtred_inner.o(.text) refers to defsig_general.o(.text) for __default_signal_display
    defsig_stak_inner.o(.text) refers to defsig_general.o(.text) for __default_signal_display
    defsig_pvfn_inner.o(.text) refers to defsig_general.o(.text) for __default_signal_display
    defsig_cppl_inner.o(.text) refers to defsig_general.o(.text) for __default_signal_display
    defsig_segv_inner.o(.text) refers to defsig_general.o(.text) for __default_signal_display
    defsig_other.o(.text) refers to defsig_general.o(.text) for __default_signal_display


==============================================================================

Removing Unused input sections from the image.

    Removing display.o(.text), (0 bytes).
    Removing display.o(.ARM.exidx.text.delayMs), (8 bytes).
    Removing display.o(.ARM.exidx.text.display_init), (8 bytes).
    Removing display.o(.ARM.exidx.text.set_leds), (8 bytes).
    Removing display.o(.text.input_letter), (62 bytes).
    Removing display.o(.ARM.exidx.text.input_letter), (8 bytes).
    Removing display.o(.ARM.exidx.text.display_letter), (8 bytes).
    Removing display.o(.bss.display_data), (5 bytes).
    Removing final.o(.text), (0 bytes).
    Removing final.o(.ARM.exidx.text.motor_and_display_init), (8 bytes).
    Removing final.o(.ARM.exidx.text.__NVIC_SetPriority), (8 bytes).
    Removing final.o(.ARM.exidx.text.__NVIC_EnableIRQ), (8 bytes).
    Removing final.o(.ARM.exidx.text.EXTI15_10_IRQHandler), (8 bytes).
    Removing final.o(.ARM.exidx.text.str_populate), (8 bytes).
    Removing final.o(.ARM.exidx.text.main), (8 bytes).
    Removing final.o(.ARM.use_no_argv), (4 bytes).
    Removing fonts.o(.text), (0 bytes).
    Removing fonts.o(.ARM.exidx.text.get_font), (8 bytes).
    Removing uart.o(.text), (0 bytes).
    Removing uart.o(.ARM.exidx.text.initUart), (8 bytes).
    Removing uart.o(.ARM.exidx.text._delay_cycles), (8 bytes).
    Removing uart.o(.text.setUartBaudRate), (34 bytes).
    Removing uart.o(.ARM.exidx.text.setUartBaudRate), (8 bytes).
    Removing uart.o(.ARM.exidx.text.putcUart), (8 bytes).
    Removing uart.o(.ARM.exidx.text.putsUart), (8 bytes).
    Removing uart.o(.ARM.exidx.text.getcUart), (8 bytes).
    Removing uart.o(.text.kbhitUart), (16 bytes).
    Removing uart.o(.ARM.exidx.text.kbhitUart), (8 bytes).
    Removing uart.o(.ARM.exidx.text.getsUart), (8 bytes).
    Removing uart.o(.text.parseFields), (282 bytes).
    Removing uart.o(.ARM.exidx.text.parseFields), (8 bytes).
    Removing uart.o(.text.compare_strings), (118 bytes).
    Removing uart.o(.ARM.exidx.text.compare_strings), (8 bytes).
    Removing uart.o(.text.alphabetToInteger), (66 bytes).
    Removing uart.o(.ARM.exidx.text.alphabetToInteger), (8 bytes).
    Removing uart.o(.text.getFieldString), (50 bytes).
    Removing uart.o(.ARM.exidx.text.getFieldString), (8 bytes).
    Removing uart.o(.text.getFieldInteger), (72 bytes).
    Removing uart.o(.ARM.exidx.text.getFieldInteger), (8 bytes).
    Removing uart.o(.text.isCommand), (68 bytes).
    Removing uart.o(.ARM.exidx.text.isCommand), (8 bytes).
    Removing system_stm32f4xx.o(.text), (0 bytes).
    Removing system_stm32f4xx.o(.ARM.exidx.text.SystemInit), (8 bytes).
    Removing system_stm32f4xx.o(.text.SystemCoreClockUpdate), (302 bytes).
    Removing system_stm32f4xx.o(.ARM.exidx.text.SystemCoreClockUpdate), (8 bytes).
    Removing system_stm32f4xx.o(.rodata.AHBPrescTable), (16 bytes).
    Removing system_stm32f4xx.o(.rodata.APBPrescTable), (8 bytes).

47 unused section(s) (total 1327 bytes) removed from the image.

==============================================================================

Image Symbol Table

    Local Symbols

    Symbol Name                              Value     Ov Type        Size  Object(Section)

    ../clib/angel/boardlib.s                 0x00000000   Number         0  boardinit1.o ABSOLUTE
    ../clib/angel/boardlib.s                 0x00000000   Number         0  boardinit2.o ABSOLUTE
    ../clib/angel/boardlib.s                 0x00000000   Number         0  boardinit3.o ABSOLUTE
    ../clib/angel/boardlib.s                 0x00000000   Number         0  boardshut.o ABSOLUTE
    ../clib/angel/handlers.s                 0x00000000   Number         0  __scatter_copy.o ABSOLUTE
    ../clib/angel/handlers.s                 0x00000000   Number         0  __scatter_zi.o ABSOLUTE
    ../clib/angel/kernel.s                   0x00000000   Number         0  __rtentry.o ABSOLUTE
    ../clib/angel/kernel.s                   0x00000000   Number         0  __rtentry2.o ABSOLUTE
    ../clib/angel/kernel.s                   0x00000000   Number         0  __rtentry4.o ABSOLUTE
    ../clib/angel/kernel.s                   0x00000000   Number         0  rtexit.o ABSOLUTE
    ../clib/angel/kernel.s                   0x00000000   Number         0  rtexit2.o ABSOLUTE
    ../clib/angel/rt.s                       0x00000000   Number         0  rt_raise.o ABSOLUTE
    ../clib/angel/scatter.s                  0x00000000   Number         0  __scatter.o ABSOLUTE
    ../clib/angel/startup.s                  0x00000000   Number         0  __main.o ABSOLUTE
    ../clib/angel/sys.s                      0x00000000   Number         0  sys_stackheap_outer.o ABSOLUTE
    ../clib/angel/sys.s                      0x00000000   Number         0  libspace.o ABSOLUTE
    ../clib/angel/sys.s                      0x00000000   Number         0  use_no_semi.o ABSOLUTE
    ../clib/angel/sys.s                      0x00000000   Number         0  indicate_semi.o ABSOLUTE
    ../clib/angel/sysapp.c                   0x00000000   Number         0  sys_exit.o ABSOLUTE
    ../clib/angel/sysapp.c                   0x00000000   Number         0  sys_exit_hlt.o ABSOLUTE
    ../clib/angel/sysapp.c                   0x00000000   Number         0  sys_command.o ABSOLUTE
    ../clib/angel/sysapp.c                   0x00000000   Number         0  sys_command_hlt.o ABSOLUTE
    ../clib/angel/sysapp.c                   0x00000000   Number         0  sys_wrch.o ABSOLUTE
    ../clib/angel/sysapp.c                   0x00000000   Number         0  sys_wrch_hlt.o ABSOLUTE
    ../clib/armsys.c                         0x00000000   Number         0  argv_veneer.o ABSOLUTE
    ../clib/armsys.c                         0x00000000   Number         0  argv_veneer.o ABSOLUTE
    ../clib/armsys.c                         0x00000000   Number         0  _get_argv_nomalloc.o ABSOLUTE
    ../clib/armsys.c                         0x00000000   Number         0  no_argv.o ABSOLUTE
    ../clib/heapalloc.c                      0x00000000   Number         0  hrguard.o ABSOLUTE
    ../clib/heapaux.c                        0x00000000   Number         0  heapauxi.o ABSOLUTE
    ../clib/libinit.s                        0x00000000   Number         0  libinit.o ABSOLUTE
    ../clib/libinit.s                        0x00000000   Number         0  libinit2.o ABSOLUTE
    ../clib/libinit.s                        0x00000000   Number         0  libshutdown.o ABSOLUTE
    ../clib/libinit.s                        0x00000000   Number         0  libshutdown2.o ABSOLUTE
    ../clib/signal.c                         0x00000000   Number         0  defsig_rtmem_outer.o ABSOLUTE
    ../clib/signal.c                         0x00000000   Number         0  defsig_rtmem_formal.o ABSOLUTE
    ../clib/signal.c                         0x00000000   Number         0  defsig_exit.o ABSOLUTE
    ../clib/signal.c                         0x00000000   Number         0  defsig_rtmem_inner.o ABSOLUTE
    ../clib/signal.c                         0x00000000   Number         0  __raise.o ABSOLUTE
    ../clib/signal.c                         0x00000000   Number         0  defsig_general.o ABSOLUTE
    ../clib/signal.c                         0x00000000   Number         0  defsig_abrt_inner.o ABSOLUTE
    ../clib/signal.c                         0x00000000   Number         0  defsig_fpe_inner.o ABSOLUTE
    ../clib/signal.c                         0x00000000   Number         0  defsig_rtred_inner.o ABSOLUTE
    ../clib/signal.c                         0x00000000   Number         0  defsig_stak_inner.o ABSOLUTE
    ../clib/signal.c                         0x00000000   Number         0  defsig_pvfn_inner.o ABSOLUTE
    ../clib/signal.c                         0x00000000   Number         0  defsig_cppl_inner.o ABSOLUTE
    ../clib/signal.c                         0x00000000   Number         0  defsig_segv_inner.o ABSOLUTE
    ../clib/signal.c                         0x00000000   Number         0  defsig_other.o ABSOLUTE
    ../clib/signal.s                         0x00000000   Number         0  defsig.o ABSOLUTE
    ../clib/stdlib.c                         0x00000000   Number         0  exit.o ABSOLUTE
    ../fplib/fpinit.s                        0x00000000   Number         0  fpinit.o ABSOLUTE
    Final.c                                  0x00000000   Number         0  final.o ABSOLUTE
    RTE/Device/STM32F446RETx/startup_stm32f446xx.s 0x00000000   Number         0  startup_stm32f446xx.o ABSOLUTE
    UART.c                                   0x00000000   Number         0  uart.o ABSOLUTE
    dc.s                                     0x00000000   Number         0  dc.o ABSOLUTE
    display.c                                0x00000000   Number         0  display.o ABSOLUTE
    fonts.c                                  0x00000000   Number         0  fonts.o ABSOLUTE
    system_stm32f4xx.c                       0x00000000   Number         0  system_stm32f4xx.o ABSOLUTE
    RESET                                    0x08000000   Section      452  startup_stm32f446xx.o(RESET)
    !!!main                                  0x080001c4   Section        8  __main.o(!!!main)
    !!!scatter                               0x080001cc   Section       92  __scatter.o(!!!scatter)
    !!handler_copy                           0x08000228   Section       26  __scatter_copy.o(!!handler_copy)
    !!handler_null                           0x08000244   Section        2  __scatter.o(!!handler_null)
    !!handler_zi                             0x08000248   Section       28  __scatter_zi.o(!!handler_zi)
    .ARM.Collect$$libinit$$00000000          0x08000264   Section        2  libinit.o(.ARM.Collect$$libinit$$00000000)
    .ARM.Collect$$libinit$$00000001          0x08000266   Section        4  libinit2.o(.ARM.Collect$$libinit$$00000001)
    .ARM.Collect$$libinit$$00000004          0x0800026a   Section        0  libinit2.o(.ARM.Collect$$libinit$$00000004)
    .ARM.Collect$$libinit$$00000006          0x0800026a   Section        0  libinit2.o(.ARM.Collect$$libinit$$00000006)
    .ARM.Collect$$libinit$$0000000C          0x0800026a   Section        0  libinit2.o(.ARM.Collect$$libinit$$0000000C)
    .ARM.Collect$$libinit$$0000000E          0x0800026a   Section        0  libinit2.o(.ARM.Collect$$libinit$$0000000E)
    .ARM.Collect$$libinit$$00000010          0x0800026a   Section        0  libinit2.o(.ARM.Collect$$libinit$$00000010)
    .ARM.Collect$$libinit$$00000013          0x0800026a   Section        0  libinit2.o(.ARM.Collect$$libinit$$00000013)
    .ARM.Collect$$libinit$$00000015          0x0800026a   Section        0  libinit2.o(.ARM.Collect$$libinit$$00000015)
    .ARM.Collect$$libinit$$00000017          0x0800026a   Section        0  libinit2.o(.ARM.Collect$$libinit$$00000017)
    .ARM.Collect$$libinit$$00000019          0x0800026a   Section        0  libinit2.o(.ARM.Collect$$libinit$$00000019)
    .ARM.Collect$$libinit$$0000001B          0x0800026a   Section        0  libinit2.o(.ARM.Collect$$libinit$$0000001B)
    .ARM.Collect$$libinit$$0000001D          0x0800026a   Section        0  libinit2.o(.ARM.Collect$$libinit$$0000001D)
    .ARM.Collect$$libinit$$0000001F          0x0800026a   Section        0  libinit2.o(.ARM.Collect$$libinit$$0000001F)
    .ARM.Collect$$libinit$$00000021          0x0800026a   Section        0  libinit2.o(.ARM.Collect$$libinit$$00000021)
    .ARM.Collect$$libinit$$00000023          0x0800026a   Section        0  libinit2.o(.ARM.Collect$$libinit$$00000023)
    .ARM.Collect$$libinit$$00000025          0x0800026a   Section        0  libinit2.o(.ARM.Collect$$libinit$$00000025)
    .ARM.Collect$$libinit$$00000027          0x0800026a   Section        0  libinit2.o(.ARM.Collect$$libinit$$00000027)
    .ARM.Collect$$libinit$$0000002E          0x0800026a   Section        0  libinit2.o(.ARM.Collect$$libinit$$0000002E)
    .ARM.Collect$$libinit$$00000030          0x0800026a   Section        0  libinit2.o(.ARM.Collect$$libinit$$00000030)
    .ARM.Collect$$libinit$$00000032          0x0800026a   Section        0  libinit2.o(.ARM.Collect$$libinit$$00000032)
    .ARM.Collect$$libinit$$00000034          0x0800026a   Section        0  libinit2.o(.ARM.Collect$$libinit$$00000034)
    .ARM.Collect$$libinit$$00000035          0x0800026a   Section        2  libinit2.o(.ARM.Collect$$libinit$$00000035)
    .ARM.Collect$$libshutdown$$00000000      0x0800026c   Section        2  libshutdown.o(.ARM.Collect$$libshutdown$$00000000)
    .ARM.Collect$$libshutdown$$00000002      0x0800026e   Section        0  libshutdown2.o(.ARM.Collect$$libshutdown$$00000002)
    .ARM.Collect$$libshutdown$$00000004      0x0800026e   Section        0  libshutdown2.o(.ARM.Collect$$libshutdown$$00000004)
    .ARM.Collect$$libshutdown$$00000007      0x0800026e   Section        0  libshutdown2.o(.ARM.Collect$$libshutdown$$00000007)
    .ARM.Collect$$libshutdown$$0000000A      0x0800026e   Section        0  libshutdown2.o(.ARM.Collect$$libshutdown$$0000000A)
    .ARM.Collect$$libshutdown$$0000000C      0x0800026e   Section        0  libshutdown2.o(.ARM.Collect$$libshutdown$$0000000C)
    .ARM.Collect$$libshutdown$$0000000F      0x0800026e   Section        0  libshutdown2.o(.ARM.Collect$$libshutdown$$0000000F)
    .ARM.Collect$$libshutdown$$00000010      0x0800026e   Section        2  libshutdown2.o(.ARM.Collect$$libshutdown$$00000010)
    .ARM.Collect$$rtentry$$00000000          0x08000270   Section        0  __rtentry.o(.ARM.Collect$$rtentry$$00000000)
    .ARM.Collect$$rtentry$$00000002          0x08000270   Section        0  __rtentry2.o(.ARM.Collect$$rtentry$$00000002)
    .ARM.Collect$$rtentry$$00000004          0x08000270   Section        6  __rtentry4.o(.ARM.Collect$$rtentry$$00000004)
    .ARM.Collect$$rtentry$$00000009          0x08000276   Section        0  __rtentry2.o(.ARM.Collect$$rtentry$$00000009)
    .ARM.Collect$$rtentry$$0000000A          0x08000276   Section        4  __rtentry2.o(.ARM.Collect$$rtentry$$0000000A)
    .ARM.Collect$$rtentry$$0000000C          0x0800027a   Section        0  __rtentry2.o(.ARM.Collect$$rtentry$$0000000C)
    .ARM.Collect$$rtentry$$0000000D          0x0800027a   Section        8  __rtentry2.o(.ARM.Collect$$rtentry$$0000000D)
    .ARM.Collect$$rtexit$$00000000           0x08000282   Section        2  rtexit.o(.ARM.Collect$$rtexit$$00000000)
    .ARM.Collect$$rtexit$$00000002           0x08000284   Section        0  rtexit2.o(.ARM.Collect$$rtexit$$00000002)
    .ARM.Collect$$rtexit$$00000003           0x08000284   Section        4  rtexit2.o(.ARM.Collect$$rtexit$$00000003)
    .ARM.Collect$$rtexit$$00000004           0x08000288   Section        6  rtexit2.o(.ARM.Collect$$rtexit$$00000004)
    $v0                                      0x08000290   Number         0  startup_stm32f446xx.o(.text)
    .text                                    0x08000290   Section       64  startup_stm32f446xx.o(.text)
    .text                                    0x080002d0   Section        0  heapauxi.o(.text)
    .text                                    0x080002d6   Section       74  sys_stackheap_outer.o(.text)
    .text                                    0x08000320   Section        0  exit.o(.text)
    .text                                    0x08000334   Section        8  libspace.o(.text)
    .text                                    0x0800033c   Section        0  sys_exit.o(.text)
    .text                                    0x08000348   Section        2  use_no_semi.o(.text)
    .text                                    0x0800034a   Section        0  indicate_semi.o(.text)
    [Anonymous Symbol]                       0x0800034c   Section        0  final.o(.text.EXTI15_10_IRQHandler)
    [Anonymous Symbol]                       0x08000578   Section        0  system_stm32f4xx.o(.text.SystemInit)
    __NVIC_EnableIRQ                         0x0800058d   Thumb Code    48  final.o(.text.__NVIC_EnableIRQ)
    [Anonymous Symbol]                       0x0800058c   Section        0  final.o(.text.__NVIC_EnableIRQ)
    __NVIC_SetPriority                       0x080005bd   Thumb Code    66  final.o(.text.__NVIC_SetPriority)
    [Anonymous Symbol]                       0x080005bc   Section        0  final.o(.text.__NVIC_SetPriority)
    _delay_cycles                            0x08000601   Thumb Code    22  uart.o(.text._delay_cycles)
    [Anonymous Symbol]                       0x08000600   Section        0  uart.o(.text._delay_cycles)
    [Anonymous Symbol]                       0x08000618   Section        0  display.o(.text.delayMs)
    [Anonymous Symbol]                       0x08000650   Section        0  display.o(.text.display_init)
    [Anonymous Symbol]                       0x08000684   Section        0  display.o(.text.display_letter)
    [Anonymous Symbol]                       0x080006c8   Section        0  fonts.o(.text.get_font)
    [Anonymous Symbol]                       0x080009a4   Section        0  uart.o(.text.getcUart)
    [Anonymous Symbol]                       0x08000a50   Section        0  uart.o(.text.getsUart)
    [Anonymous Symbol]                       0x08000b28   Section        0  uart.o(.text.initUart)
    [Anonymous Symbol]                       0x08000bb0   Section        0  final.o(.text.main)
    [Anonymous Symbol]                       0x08000c5c   Section        0  final.o(.text.motor_and_display_init)
    [Anonymous Symbol]                       0x08000d58   Section        0  uart.o(.text.putcUart)
    [Anonymous Symbol]                       0x08000d88   Section        0  uart.o(.text.putsUart)
    [Anonymous Symbol]                       0x08000dbc   Section        0  display.o(.text.set_leds)
    [Anonymous Symbol]                       0x08000ddc   Section        0  final.o(.text.str_populate)
    $v0                                      0x08000e3a   Number         0  fpinit.o(x$fpl$fpinit)
    x$fpl$fpinit                             0x08000e3a   Section       26  fpinit.o(x$fpl$fpinit)
    .L.str                                   0x08000e54   Data          17  uart.o(.rodata.str1.1)
    [Anonymous Symbol]                       0x08000e54   Section        0  uart.o(.rodata.str1.1)
    .bss                                     0x200000e8   Section       96  libspace.o(.bss)
    Heap_Mem                                 0x20000150   Data         512  startup_stm32f446xx.o(HEAP)
    HEAP                                     0x20000150   Section      512  startup_stm32f446xx.o(HEAP)
    Stack_Mem                                0x20000350   Data        1024  startup_stm32f446xx.o(STACK)
    STACK                                    0x20000350   Section     1024  startup_stm32f446xx.o(STACK)
    __initial_sp                             0x20000750   Data           0  startup_stm32f446xx.o(STACK)

    Global Symbols

    Symbol Name                              Value     Ov Type        Size  Object(Section)

    BuildAttributes$$THM_ISAv4$E$P$D$K$B$S$7EM$VFPi3$EXTD16$VFPS$VFMA$PE$A:L22UL41UL21$X:L11$S22US41US21$IEEE1$IW$~IW$USESV6$~STKCKD$USESV7$~SHL$OSPACE$ROPI$EBA8$UX$STANDARDLIB$REQ8$PRES8$EABIv2 0x00000000   Number         0  anon$$obj.o ABSOLUTE
    __ARM_exceptions_init                     - Undefined Weak Reference
    __alloca_initialize                       - Undefined Weak Reference
    __arm_preinit_                            - Undefined Weak Reference
    __arm_relocate_pie_                       - Undefined Weak Reference
    __cpp_initialize__aeabi_                  - Undefined Weak Reference
    __cxa_finalize                            - Undefined Weak Reference
    __rt_locale                               - Undefined Weak Reference
    __sigvec_lookup                           - Undefined Weak Reference
    _atexit_init                              - Undefined Weak Reference
    _call_atexit_fns                          - Undefined Weak Reference
    _clock_init                               - Undefined Weak Reference
    _fp_trap_init                             - Undefined Weak Reference
    _fp_trap_shutdown                         - Undefined Weak Reference
    _get_lc_collate                           - Undefined Weak Reference
    _get_lc_ctype                             - Undefined Weak Reference
    _get_lc_monetary                          - Undefined Weak Reference
    _get_lc_numeric                           - Undefined Weak Reference
    _get_lc_time                              - Undefined Weak Reference
    _getenv_init                              - Undefined Weak Reference
    _handle_redirection                       - Undefined Weak Reference
    _init_alloc                               - Undefined Weak Reference
    _init_user_alloc                          - Undefined Weak Reference
    _initio                                   - Undefined Weak Reference
    _rand_init                                - Undefined Weak Reference
    _signal_finish                            - Undefined Weak Reference
    _signal_init                              - Undefined Weak Reference
    _terminate_alloc                          - Undefined Weak Reference
    _terminate_user_alloc                     - Undefined Weak Reference
    _terminateio                              - Undefined Weak Reference
    __Vectors_Size                           0x000001c4   Number         0  startup_stm32f446xx.o ABSOLUTE
    __Vectors                                0x08000000   Data           4  startup_stm32f446xx.o(RESET)
    __Vectors_End                            0x080001c4   Data           0  startup_stm32f446xx.o(RESET)
    __main                                   0x080001c5   Thumb Code     8  __main.o(!!!main)
    __scatterload                            0x080001cd   Thumb Code     0  __scatter.o(!!!scatter)
    __scatterload_rt2                        0x080001cd   Thumb Code    84  __scatter.o(!!!scatter)
    __scatterload_rt2_thumb_only             0x080001cd   Thumb Code     0  __scatter.o(!!!scatter)
    __scatterload_loop                       0x080001d7   Thumb Code     0  __scatter.o(!!!scatter)
    __scatterload_copy                       0x08000229   Thumb Code    26  __scatter_copy.o(!!handler_copy)
    __scatterload_null                       0x08000245   Thumb Code     2  __scatter.o(!!handler_null)
    __scatterload_zeroinit                   0x08000249   Thumb Code    28  __scatter_zi.o(!!handler_zi)
    __rt_lib_init                            0x08000265   Thumb Code     0  libinit.o(.ARM.Collect$$libinit$$00000000)
    __rt_lib_init_fp_1                       0x08000267   Thumb Code     0  libinit2.o(.ARM.Collect$$libinit$$00000001)
    __rt_lib_init_alloca_1                   0x0800026b   Thumb Code     0  libinit2.o(.ARM.Collect$$libinit$$00000030)
    __rt_lib_init_argv_1                     0x0800026b   Thumb Code     0  libinit2.o(.ARM.Collect$$libinit$$0000002E)
    __rt_lib_init_atexit_1                   0x0800026b   Thumb Code     0  libinit2.o(.ARM.Collect$$libinit$$0000001D)
    __rt_lib_init_clock_1                    0x0800026b   Thumb Code     0  libinit2.o(.ARM.Collect$$libinit$$00000023)
    __rt_lib_init_cpp_1                      0x0800026b   Thumb Code     0  libinit2.o(.ARM.Collect$$libinit$$00000034)
    __rt_lib_init_exceptions_1               0x0800026b   Thumb Code     0  libinit2.o(.ARM.Collect$$libinit$$00000032)
    __rt_lib_init_fp_trap_1                  0x0800026b   Thumb Code     0  libinit2.o(.ARM.Collect$$libinit$$00000021)
    __rt_lib_init_getenv_1                   0x0800026b   Thumb Code     0  libinit2.o(.ARM.Collect$$libinit$$00000025)
    __rt_lib_init_heap_1                     0x0800026b   Thumb Code     0  libinit2.o(.ARM.Collect$$libinit$$0000000C)
    __rt_lib_init_lc_collate_1               0x0800026b   Thumb Code     0  libinit2.o(.ARM.Collect$$libinit$$00000013)
    __rt_lib_init_lc_ctype_1                 0x0800026b   Thumb Code     0  libinit2.o(.ARM.Collect$$libinit$$00000015)
    __rt_lib_init_lc_monetary_1              0x0800026b   Thumb Code     0  libinit2.o(.ARM.Collect$$libinit$$00000017)
    __rt_lib_init_lc_numeric_1               0x0800026b   Thumb Code     0  libinit2.o(.ARM.Collect$$libinit$$00000019)
    __rt_lib_init_lc_time_1                  0x0800026b   Thumb Code     0  libinit2.o(.ARM.Collect$$libinit$$0000001B)
    __rt_lib_init_preinit_1                  0x0800026b   Thumb Code     0  libinit2.o(.ARM.Collect$$libinit$$00000006)
    __rt_lib_init_rand_1                     0x0800026b   Thumb Code     0  libinit2.o(.ARM.Collect$$libinit$$00000010)
    __rt_lib_init_relocate_pie_1             0x0800026b   Thumb Code     0  libinit2.o(.ARM.Collect$$libinit$$00000004)
    __rt_lib_init_return                     0x0800026b   Thumb Code     0  libinit2.o(.ARM.Collect$$libinit$$00000035)
    __rt_lib_init_signal_1                   0x0800026b   Thumb Code     0  libinit2.o(.ARM.Collect$$libinit$$0000001F)
    __rt_lib_init_stdio_1                    0x0800026b   Thumb Code     0  libinit2.o(.ARM.Collect$$libinit$$00000027)
    __rt_lib_init_user_alloc_1               0x0800026b   Thumb Code     0  libinit2.o(.ARM.Collect$$libinit$$0000000E)
    __rt_lib_shutdown                        0x0800026d   Thumb Code     0  libshutdown.o(.ARM.Collect$$libshutdown$$00000000)
    __rt_lib_shutdown_cpp_1                  0x0800026f   Thumb Code     0  libshutdown2.o(.ARM.Collect$$libshutdown$$00000002)
    __rt_lib_shutdown_fp_trap_1              0x0800026f   Thumb Code     0  libshutdown2.o(.ARM.Collect$$libshutdown$$00000007)
    __rt_lib_shutdown_heap_1                 0x0800026f   Thumb Code     0  libshutdown2.o(.ARM.Collect$$libshutdown$$0000000F)
    __rt_lib_shutdown_return                 0x0800026f   Thumb Code     0  libshutdown2.o(.ARM.Collect$$libshutdown$$00000010)
    __rt_lib_shutdown_signal_1               0x0800026f   Thumb Code     0  libshutdown2.o(.ARM.Collect$$libshutdown$$0000000A)
    __rt_lib_shutdown_stdio_1                0x0800026f   Thumb Code     0  libshutdown2.o(.ARM.Collect$$libshutdown$$00000004)
    __rt_lib_shutdown_user_alloc_1           0x0800026f   Thumb Code     0  libshutdown2.o(.ARM.Collect$$libshutdown$$0000000C)
    __rt_entry                               0x08000271   Thumb Code     0  __rtentry.o(.ARM.Collect$$rtentry$$00000000)
    __rt_entry_presh_1                       0x08000271   Thumb Code     0  __rtentry2.o(.ARM.Collect$$rtentry$$00000002)
    __rt_entry_sh                            0x08000271   Thumb Code     0  __rtentry4.o(.ARM.Collect$$rtentry$$00000004)
    __rt_entry_li                            0x08000277   Thumb Code     0  __rtentry2.o(.ARM.Collect$$rtentry$$0000000A)
    __rt_entry_postsh_1                      0x08000277   Thumb Code     0  __rtentry2.o(.ARM.Collect$$rtentry$$00000009)
    __rt_entry_main                          0x0800027b   Thumb Code     0  __rtentry2.o(.ARM.Collect$$rtentry$$0000000D)
    __rt_entry_postli_1                      0x0800027b   Thumb Code     0  __rtentry2.o(.ARM.Collect$$rtentry$$0000000C)
    __rt_exit                                0x08000283   Thumb Code     0  rtexit.o(.ARM.Collect$$rtexit$$00000000)
    __rt_exit_ls                             0x08000285   Thumb Code     0  rtexit2.o(.ARM.Collect$$rtexit$$00000003)
    __rt_exit_prels_1                        0x08000285   Thumb Code     0  rtexit2.o(.ARM.Collect$$rtexit$$00000002)
    __rt_exit_exit                           0x08000289   Thumb Code     0  rtexit2.o(.ARM.Collect$$rtexit$$00000004)
    Reset_Handler                            0x08000291   Thumb Code     8  startup_stm32f446xx.o(.text)
    NMI_Handler                              0x08000299   Thumb Code     2  startup_stm32f446xx.o(.text)
    HardFault_Handler                        0x0800029b   Thumb Code     2  startup_stm32f446xx.o(.text)
    MemManage_Handler                        0x0800029d   Thumb Code     2  startup_stm32f446xx.o(.text)
    BusFault_Handler                         0x0800029f   Thumb Code     2  startup_stm32f446xx.o(.text)
    UsageFault_Handler                       0x080002a1   Thumb Code     2  startup_stm32f446xx.o(.text)
    SVC_Handler                              0x080002a3   Thumb Code     2  startup_stm32f446xx.o(.text)
    DebugMon_Handler                         0x080002a5   Thumb Code     2  startup_stm32f446xx.o(.text)
    PendSV_Handler                           0x080002a7   Thumb Code     2  startup_stm32f446xx.o(.text)
    SysTick_Handler                          0x080002a9   Thumb Code     2  startup_stm32f446xx.o(.text)
    ADC_IRQHandler                           0x080002ab   Thumb Code     0  startup_stm32f446xx.o(.text)
    CAN1_RX0_IRQHandler                      0x080002ab   Thumb Code     0  startup_stm32f446xx.o(.text)
    CAN1_RX1_IRQHandler                      0x080002ab   Thumb Code     0  startup_stm32f446xx.o(.text)
    CAN1_SCE_IRQHandler                      0x080002ab   Thumb Code     0  startup_stm32f446xx.o(.text)
    CAN1_TX_IRQHandler                       0x080002ab   Thumb Code     0  startup_stm32f446xx.o(.text)
    CAN2_RX0_IRQHandler                      0x080002ab   Thumb Code     0  startup_stm32f446xx.o(.text)
    CAN2_RX1_IRQHandler                      0x080002ab   Thumb Code     0  startup_stm32f446xx.o(.text)
    CAN2_SCE_IRQHandler                      0x080002ab   Thumb Code     0  startup_stm32f446xx.o(.text)
    CAN2_TX_IRQHandler                       0x080002ab   Thumb Code     0  startup_stm32f446xx.o(.text)
    CEC_IRQHandler                           0x080002ab   Thumb Code     0  startup_stm32f446xx.o(.text)
    DCMI_IRQHandler                          0x080002ab   Thumb Code     0  startup_stm32f446xx.o(.text)
    DMA1_Stream0_IRQHandler                  0x080002ab   Thumb Code     0  startup_stm32f446xx.o(.text)
    DMA1_Stream1_IRQHandler                  0x080002ab   Thumb Code     0  startup_stm32f446xx.o(.text)
    DMA1_Stream2_IRQHandler                  0x080002ab   Thumb Code     0  startup_stm32f446xx.o(.text)
    DMA1_Stream3_IRQHandler                  0x080002ab   Thumb Code     0  startup_stm32f446xx.o(.text)
    DMA1_Stream4_IRQHandler                  0x080002ab   Thumb Code     0  startup_stm32f446xx.o(.text)
    DMA1_Stream5_IRQHandler                  0x080002ab   Thumb Code     0  startup_stm32f446xx.o(.text)
    DMA1_Stream6_IRQHandler                  0x080002ab   Thumb Code     0  startup_stm32f446xx.o(.text)
    DMA1_Stream7_IRQHandler                  0x080002ab   Thumb Code     0  startup_stm32f446xx.o(.text)
    DMA2_Stream0_IRQHandler                  0x080002ab   Thumb Code     0  startup_stm32f446xx.o(.text)
    DMA2_Stream1_IRQHandler                  0x080002ab   Thumb Code     0  startup_stm32f446xx.o(.text)
    DMA2_Stream2_IRQHandler                  0x080002ab   Thumb Code     0  startup_stm32f446xx.o(.text)
    DMA2_Stream3_IRQHandler                  0x080002ab   Thumb Code     0  startup_stm32f446xx.o(.text)
    DMA2_Stream4_IRQHandler                  0x080002ab   Thumb Code     0  startup_stm32f446xx.o(.text)
    DMA2_Stream5_IRQHandler                  0x080002ab   Thumb Code     0  startup_stm32f446xx.o(.text)
    DMA2_Stream6_IRQHandler                  0x080002ab   Thumb Code     0  startup_stm32f446xx.o(.text)
    DMA2_Stream7_IRQHandler                  0x080002ab   Thumb Code     0  startup_stm32f446xx.o(.text)
    EXTI0_IRQHandler                         0x080002ab   Thumb Code     0  startup_stm32f446xx.o(.text)
    EXTI1_IRQHandler                         0x080002ab   Thumb Code     0  startup_stm32f446xx.o(.text)
    EXTI2_IRQHandler                         0x080002ab   Thumb Code     0  startup_stm32f446xx.o(.text)
    EXTI3_IRQHandler                         0x080002ab   Thumb Code     0  startup_stm32f446xx.o(.text)
    EXTI4_IRQHandler                         0x080002ab   Thumb Code     0  startup_stm32f446xx.o(.text)
    EXTI9_5_IRQHandler                       0x080002ab   Thumb Code     0  startup_stm32f446xx.o(.text)
    FLASH_IRQHandler                         0x080002ab   Thumb Code     0  startup_stm32f446xx.o(.text)
    FMC_IRQHandler                           0x080002ab   Thumb Code     0  startup_stm32f446xx.o(.text)
    FMPI2C1_ER_IRQHandler                    0x080002ab   Thumb Code     0  startup_stm32f446xx.o(.text)
    FMPI2C1_EV_IRQHandler                    0x080002ab   Thumb Code     0  startup_stm32f446xx.o(.text)
    FPU_IRQHandler                           0x080002ab   Thumb Code     0  startup_stm32f446xx.o(.text)
    I2C1_ER_IRQHandler                       0x080002ab   Thumb Code     0  startup_stm32f446xx.o(.text)
    I2C1_EV_IRQHandler                       0x080002ab   Thumb Code     0  startup_stm32f446xx.o(.text)
    I2C2_ER_IRQHandler                       0x080002ab   Thumb Code     0  startup_stm32f446xx.o(.text)
    I2C2_EV_IRQHandler                       0x080002ab   Thumb Code     0  startup_stm32f446xx.o(.text)
    I2C3_ER_IRQHandler                       0x080002ab   Thumb Code     0  startup_stm32f446xx.o(.text)
    I2C3_EV_IRQHandler                       0x080002ab   Thumb Code     0  startup_stm32f446xx.o(.text)
    OTG_FS_IRQHandler                        0x080002ab   Thumb Code     0  startup_stm32f446xx.o(.text)
    OTG_FS_WKUP_IRQHandler                   0x080002ab   Thumb Code     0  startup_stm32f446xx.o(.text)
    OTG_HS_EP1_IN_IRQHandler                 0x080002ab   Thumb Code     0  startup_stm32f446xx.o(.text)
    OTG_HS_EP1_OUT_IRQHandler                0x080002ab   Thumb Code     0  startup_stm32f446xx.o(.text)
    OTG_HS_IRQHandler                        0x080002ab   Thumb Code     0  startup_stm32f446xx.o(.text)
    OTG_HS_WKUP_IRQHandler                   0x080002ab   Thumb Code     0  startup_stm32f446xx.o(.text)
    PVD_IRQHandler                           0x080002ab   Thumb Code     0  startup_stm32f446xx.o(.text)
    QUADSPI_IRQHandler                       0x080002ab   Thumb Code     0  startup_stm32f446xx.o(.text)
    RCC_IRQHandler                           0x080002ab   Thumb Code     0  startup_stm32f446xx.o(.text)
    RTC_Alarm_IRQHandler                     0x080002ab   Thumb Code     0  startup_stm32f446xx.o(.text)
    RTC_WKUP_IRQHandler                      0x080002ab   Thumb Code     0  startup_stm32f446xx.o(.text)
    SAI1_IRQHandler                          0x080002ab   Thumb Code     0  startup_stm32f446xx.o(.text)
    SAI2_IRQHandler                          0x080002ab   Thumb Code     0  startup_stm32f446xx.o(.text)
    SDIO_IRQHandler                          0x080002ab   Thumb Code     0  startup_stm32f446xx.o(.text)
    SPDIF_RX_IRQHandler                      0x080002ab   Thumb Code     0  startup_stm32f446xx.o(.text)
    SPI1_IRQHandler                          0x080002ab   Thumb Code     0  startup_stm32f446xx.o(.text)
    SPI2_IRQHandler                          0x080002ab   Thumb Code     0  startup_stm32f446xx.o(.text)
    SPI3_IRQHandler                          0x080002ab   Thumb Code     0  startup_stm32f446xx.o(.text)
    SPI4_IRQHandler                          0x080002ab   Thumb Code     0  startup_stm32f446xx.o(.text)
    TAMP_STAMP_IRQHandler                    0x080002ab   Thumb Code     0  startup_stm32f446xx.o(.text)
    TIM1_BRK_TIM9_IRQHandler                 0x080002ab   Thumb Code     0  startup_stm32f446xx.o(.text)
    TIM1_CC_IRQHandler                       0x080002ab   Thumb Code     0  startup_stm32f446xx.o(.text)
    TIM1_TRG_COM_TIM11_IRQHandler            0x080002ab   Thumb Code     0  startup_stm32f446xx.o(.text)
    TIM1_UP_TIM10_IRQHandler                 0x080002ab   Thumb Code     0  startup_stm32f446xx.o(.text)
    TIM2_IRQHandler                          0x080002ab   Thumb Code     0  startup_stm32f446xx.o(.text)
    TIM3_IRQHandler                          0x080002ab   Thumb Code     0  startup_stm32f446xx.o(.text)
    TIM4_IRQHandler                          0x080002ab   Thumb Code     0  startup_stm32f446xx.o(.text)
    TIM5_IRQHandler                          0x080002ab   Thumb Code     0  startup_stm32f446xx.o(.text)
    TIM6_DAC_IRQHandler                      0x080002ab   Thumb Code     0  startup_stm32f446xx.o(.text)
    TIM7_IRQHandler                          0x080002ab   Thumb Code     0  startup_stm32f446xx.o(.text)
    TIM8_BRK_TIM12_IRQHandler                0x080002ab   Thumb Code     0  startup_stm32f446xx.o(.text)
    TIM8_CC_IRQHandler                       0x080002ab   Thumb Code     0  startup_stm32f446xx.o(.text)
    TIM8_TRG_COM_TIM14_IRQHandler            0x080002ab   Thumb Code     0  startup_stm32f446xx.o(.text)
    TIM8_UP_TIM13_IRQHandler                 0x080002ab   Thumb Code     0  startup_stm32f446xx.o(.text)
    UART4_IRQHandler                         0x080002ab   Thumb Code     0  startup_stm32f446xx.o(.text)
    UART5_IRQHandler                         0x080002ab   Thumb Code     0  startup_stm32f446xx.o(.text)
    USART1_IRQHandler                        0x080002ab   Thumb Code     0  startup_stm32f446xx.o(.text)
    USART2_IRQHandler                        0x080002ab   Thumb Code     0  startup_stm32f446xx.o(.text)
    USART3_IRQHandler                        0x080002ab   Thumb Code     0  startup_stm32f446xx.o(.text)
    USART6_IRQHandler                        0x080002ab   Thumb Code     0  startup_stm32f446xx.o(.text)
    WWDG_IRQHandler                          0x080002ab   Thumb Code     0  startup_stm32f446xx.o(.text)
    __user_initial_stackheap                 0x080002ad   Thumb Code     0  startup_stm32f446xx.o(.text)
    __use_two_region_memory                  0x080002d1   Thumb Code     2  heapauxi.o(.text)
    __rt_heap_escrow$2region                 0x080002d3   Thumb Code     2  heapauxi.o(.text)
    __rt_heap_expand$2region                 0x080002d5   Thumb Code     2  heapauxi.o(.text)
    __user_setup_stackheap                   0x080002d7   Thumb Code    74  sys_stackheap_outer.o(.text)
    exit                                     0x08000321   Thumb Code    18  exit.o(.text)
    __user_libspace                          0x08000335   Thumb Code     8  libspace.o(.text)
    __user_perproc_libspace                  0x08000335   Thumb Code     0  libspace.o(.text)
    __user_perthread_libspace                0x08000335   Thumb Code     0  libspace.o(.text)
    _sys_exit                                0x0800033d   Thumb Code     8  sys_exit.o(.text)
    __I$use$semihosting                      0x08000349   Thumb Code     0  use_no_semi.o(.text)
    __use_no_semihosting_swi                 0x08000349   Thumb Code     2  use_no_semi.o(.text)
    __semihosting_library_function           0x0800034b   Thumb Code     0  indicate_semi.o(.text)
    EXTI15_10_IRQHandler                     0x0800034d   Thumb Code   554  final.o(.text.EXTI15_10_IRQHandler)
    SystemInit                               0x08000579   Thumb Code    18  system_stm32f4xx.o(.text.SystemInit)
    delayMs                                  0x08000619   Thumb Code    56  display.o(.text.delayMs)
    display_init                             0x08000651   Thumb Code    50  display.o(.text.display_init)
    display_letter                           0x08000685   Thumb Code    68  display.o(.text.display_letter)
    get_font                                 0x080006c9   Thumb Code   730  fonts.o(.text.get_font)
    getcUart                                 0x080009a5   Thumb Code   170  uart.o(.text.getcUart)
    getsUart                                 0x08000a51   Thumb Code   214  uart.o(.text.getsUart)
    initUart                                 0x08000b29   Thumb Code   136  uart.o(.text.initUart)
    main                                     0x08000bb1   Thumb Code   170  final.o(.text.main)
    motor_and_display_init                   0x08000c5d   Thumb Code   252  final.o(.text.motor_and_display_init)
    putcUart                                 0x08000d59   Thumb Code    46  uart.o(.text.putcUart)
    putsUart                                 0x08000d89   Thumb Code    50  uart.o(.text.putsUart)
    set_leds                                 0x08000dbd   Thumb Code    30  display.o(.text.set_leds)
    str_populate                             0x08000ddd   Thumb Code    94  final.o(.text.str_populate)
    _fp_init                                 0x08000e3b   Thumb Code    26  fpinit.o(x$fpl$fpinit)
    __fplib_config_fpu_vfp                   0x08000e53   Thumb Code     0  fpinit.o(x$fpl$fpinit)
    __fplib_config_pureend_doubles           0x08000e53   Thumb Code     0  fpinit.o(x$fpl$fpinit)
    Region$$Table$$Base                      0x08000e68   Number         0  anon$$obj.o(Region$$Table)
    Region$$Table$$Limit                     0x08000e88   Number         0  anon$$obj.o(Region$$Table)
    SystemCoreClock                          0x20000000   Data           4  system_stm32f4xx.o(.data.SystemCoreClock)
    font_0                                   0x20000004   Data           5  fonts.o(.data.font_0)
    font_1                                   0x20000009   Data           5  fonts.o(.data.font_1)
    font_2                                   0x2000000e   Data           5  fonts.o(.data.font_2)
    font_3                                   0x20000013   Data           5  fonts.o(.data.font_3)
    font_4                                   0x20000018   Data           5  fonts.o(.data.font_4)
    font_5                                   0x2000001d   Data           5  fonts.o(.data.font_5)
    font_6                                   0x20000022   Data           5  fonts.o(.data.font_6)
    font_7                                   0x20000027   Data           5  fonts.o(.data.font_7)
    font_8                                   0x2000002c   Data           5  fonts.o(.data.font_8)
    font_9                                   0x20000031   Data           5  fonts.o(.data.font_9)
    font_A                                   0x20000036   Data           5  fonts.o(.data.font_A)
    font_B                                   0x2000003b   Data           5  fonts.o(.data.font_B)
    font_C                                   0x20000040   Data           5  fonts.o(.data.font_C)
    font_D                                   0x20000045   Data           5  fonts.o(.data.font_D)
    font_E                                   0x2000004a   Data           5  fonts.o(.data.font_E)
    font_F                                   0x2000004f   Data           5  fonts.o(.data.font_F)
    font_G                                   0x20000054   Data           5  fonts.o(.data.font_G)
    font_H                                   0x20000059   Data           5  fonts.o(.data.font_H)
    font_I                                   0x2000005e   Data           5  fonts.o(.data.font_I)
    font_J                                   0x20000063   Data           5  fonts.o(.data.font_J)
    font_K                                   0x20000068   Data           5  fonts.o(.data.font_K)
    font_L                                   0x2000006d   Data           5  fonts.o(.data.font_L)
    font_M                                   0x20000072   Data           5  fonts.o(.data.font_M)
    font_N                                   0x20000077   Data           5  fonts.o(.data.font_N)
    font_O                                   0x2000007c   Data           5  fonts.o(.data.font_O)
    font_P                                   0x20000081   Data           5  fonts.o(.data.font_P)
    font_Q                                   0x20000086   Data           5  fonts.o(.data.font_Q)
    font_R                                   0x2000008b   Data           5  fonts.o(.data.font_R)
    font_S                                   0x20000090   Data           5  fonts.o(.data.font_S)
    font_T                                   0x20000095   Data           5  fonts.o(.data.font_T)
    font_U                                   0x2000009a   Data           5  fonts.o(.data.font_U)
    font_V                                   0x2000009f   Data           5  fonts.o(.data.font_V)
    font_W                                   0x200000a4   Data           5  fonts.o(.data.font_W)
    font_X                                   0x200000a9   Data           5  fonts.o(.data.font_X)
    font_Y                                   0x200000ae   Data           5  fonts.o(.data.font_Y)
    font_Z                                   0x200000b3   Data           5  fonts.o(.data.font_Z)
    font_colon                               0x200000b8   Data           5  fonts.o(.data.font_colon)
    font_comma                               0x200000bd   Data           5  fonts.o(.data.font_comma)
    font_dash                                0x200000c2   Data           5  fonts.o(.data.font_dash)
    font_exclam                              0x200000c7   Data           5  fonts.o(.data.font_exclam)
    font_period                              0x200000cc   Data           5  fonts.o(.data.font_period)
    font_question                            0x200000d1   Data           5  fonts.o(.data.font_question)
    string_display                           0x200000d6   Data          18  final.o(.data.string_display)
    __libspace_start                         0x200000e8   Data          96  libspace.o(.bss)
    __temporary_stack_top$libspace           0x20000148   Data           0  libspace.o(.bss)
    font_space                               0x20000148   Data           5  fonts.o(.bss.font_space)
    motor_run                                0x2000014d   Data           1  final.o(.bss.motor_run)
    section                                  0x2000014e   Data           1  final.o(.bss.section)



==============================================================================

Memory Map of the image

  Image Entry point : 0x08000291

  Load Region LR_1 (Base: 0x08000000, Size: 0x00000f70, Max: 0xffffffff, ABSOLUTE)

    Execution Region ER_RO (Exec base: 0x08000000, Load base: 0x08000000, Size: 0x00000e88, Max: 0xffffffff, ABSOLUTE)

    Exec Addr    Load Addr    Size         Type   Attr      Idx    E Section Name        Object

    0x08000000   0x08000000   0x000001c4   Data   RO          131    RESET               startup_stm32f446xx.o
    0x080001c4   0x080001c4   0x00000008   Code   RO          156  * !!!main             c_w.l(__main.o)
    0x080001cc   0x080001cc   0x0000005c   Code   RO          321    !!!scatter          c_w.l(__scatter.o)
    0x08000228   0x08000228   0x0000001a   Code   RO          325    !!handler_copy      c_w.l(__scatter_copy.o)
    0x08000242   0x08000242   0x00000002   PAD
    0x08000244   0x08000244   0x00000002   Code   RO          322    !!handler_null      c_w.l(__scatter.o)
    0x08000246   0x08000246   0x00000002   PAD
    0x08000248   0x08000248   0x0000001c   Code   RO          327    !!handler_zi        c_w.l(__scatter_zi.o)
    0x08000264   0x08000264   0x00000002   Code   RO          183    .ARM.Collect$$libinit$$00000000  c_w.l(libinit.o)
    0x08000266   0x08000266   0x00000004   Code   RO          189    .ARM.Collect$$libinit$$00000001  c_w.l(libinit2.o)
    0x0800026a   0x0800026a   0x00000000   Code   RO          192    .ARM.Collect$$libinit$$00000004  c_w.l(libinit2.o)
    0x0800026a   0x0800026a   0x00000000   Code   RO          194    .ARM.Collect$$libinit$$00000006  c_w.l(libinit2.o)
    0x0800026a   0x0800026a   0x00000000   Code   RO          197    .ARM.Collect$$libinit$$0000000C  c_w.l(libinit2.o)
    0x0800026a   0x0800026a   0x00000000   Code   RO          199    .ARM.Collect$$libinit$$0000000E  c_w.l(libinit2.o)
    0x0800026a   0x0800026a   0x00000000   Code   RO          201    .ARM.Collect$$libinit$$00000010  c_w.l(libinit2.o)
    0x0800026a   0x0800026a   0x00000000   Code   RO          204    .ARM.Collect$$libinit$$00000013  c_w.l(libinit2.o)
    0x0800026a   0x0800026a   0x00000000   Code   RO          206    .ARM.Collect$$libinit$$00000015  c_w.l(libinit2.o)
    0x0800026a   0x0800026a   0x00000000   Code   RO          208    .ARM.Collect$$libinit$$00000017  c_w.l(libinit2.o)
    0x0800026a   0x0800026a   0x00000000   Code   RO          210    .ARM.Collect$$libinit$$00000019  c_w.l(libinit2.o)
    0x0800026a   0x0800026a   0x00000000   Code   RO          212    .ARM.Collect$$libinit$$0000001B  c_w.l(libinit2.o)
    0x0800026a   0x0800026a   0x00000000   Code   RO          214    .ARM.Collect$$libinit$$0000001D  c_w.l(libinit2.o)
    0x0800026a   0x0800026a   0x00000000   Code   RO          216    .ARM.Collect$$libinit$$0000001F  c_w.l(libinit2.o)
    0x0800026a   0x0800026a   0x00000000   Code   RO          218    .ARM.Collect$$libinit$$00000021  c_w.l(libinit2.o)
    0x0800026a   0x0800026a   0x00000000   Code   RO          220    .ARM.Collect$$libinit$$00000023  c_w.l(libinit2.o)
    0x0800026a   0x0800026a   0x00000000   Code   RO          222    .ARM.Collect$$libinit$$00000025  c_w.l(libinit2.o)
    0x0800026a   0x0800026a   0x00000000   Code   RO          224    .ARM.Collect$$libinit$$00000027  c_w.l(libinit2.o)
    0x0800026a   0x0800026a   0x00000000   Code   RO          228    .ARM.Collect$$libinit$$0000002E  c_w.l(libinit2.o)
    0x0800026a   0x0800026a   0x00000000   Code   RO          230    .ARM.Collect$$libinit$$00000030  c_w.l(libinit2.o)
    0x0800026a   0x0800026a   0x00000000   Code   RO          232    .ARM.Collect$$libinit$$00000032  c_w.l(libinit2.o)
    0x0800026a   0x0800026a   0x00000000   Code   RO          234    .ARM.Collect$$libinit$$00000034  c_w.l(libinit2.o)
    0x0800026a   0x0800026a   0x00000002   Code   RO          235    .ARM.Collect$$libinit$$00000035  c_w.l(libinit2.o)
    0x0800026c   0x0800026c   0x00000002   Code   RO          257    .ARM.Collect$$libshutdown$$00000000  c_w.l(libshutdown.o)
    0x0800026e   0x0800026e   0x00000000   Code   RO          272    .ARM.Collect$$libshutdown$$00000002  c_w.l(libshutdown2.o)
    0x0800026e   0x0800026e   0x00000000   Code   RO          274    .ARM.Collect$$libshutdown$$00000004  c_w.l(libshutdown2.o)
    0x0800026e   0x0800026e   0x00000000   Code   RO          277    .ARM.Collect$$libshutdown$$00000007  c_w.l(libshutdown2.o)
    0x0800026e   0x0800026e   0x00000000   Code   RO          280    .ARM.Collect$$libshutdown$$0000000A  c_w.l(libshutdown2.o)
    0x0800026e   0x0800026e   0x00000000   Code   RO          282    .ARM.Collect$$libshutdown$$0000000C  c_w.l(libshutdown2.o)
    0x0800026e   0x0800026e   0x00000000   Code   RO          285    .ARM.Collect$$libshutdown$$0000000F  c_w.l(libshutdown2.o)
    0x0800026e   0x0800026e   0x00000002   Code   RO          286    .ARM.Collect$$libshutdown$$00000010  c_w.l(libshutdown2.o)
    0x08000270   0x08000270   0x00000000   Code   RO          158    .ARM.Collect$$rtentry$$00000000  c_w.l(__rtentry.o)
    0x08000270   0x08000270   0x00000000   Code   RO          160    .ARM.Collect$$rtentry$$00000002  c_w.l(__rtentry2.o)
    0x08000270   0x08000270   0x00000006   Code   RO          172    .ARM.Collect$$rtentry$$00000004  c_w.l(__rtentry4.o)
    0x08000276   0x08000276   0x00000000   Code   RO          162    .ARM.Collect$$rtentry$$00000009  c_w.l(__rtentry2.o)
    0x08000276   0x08000276   0x00000004   Code   RO          163    .ARM.Collect$$rtentry$$0000000A  c_w.l(__rtentry2.o)
    0x0800027a   0x0800027a   0x00000000   Code   RO          165    .ARM.Collect$$rtentry$$0000000C  c_w.l(__rtentry2.o)
    0x0800027a   0x0800027a   0x00000008   Code   RO          166    .ARM.Collect$$rtentry$$0000000D  c_w.l(__rtentry2.o)
    0x08000282   0x08000282   0x00000002   Code   RO          187    .ARM.Collect$$rtexit$$00000000  c_w.l(rtexit.o)
    0x08000284   0x08000284   0x00000000   Code   RO          237    .ARM.Collect$$rtexit$$00000002  c_w.l(rtexit2.o)
    0x08000284   0x08000284   0x00000004   Code   RO          238    .ARM.Collect$$rtexit$$00000003  c_w.l(rtexit2.o)
    0x08000288   0x08000288   0x00000006   Code   RO          239    .ARM.Collect$$rtexit$$00000004  c_w.l(rtexit2.o)
    0x0800028e   0x0800028e   0x00000002   PAD
    0x08000290   0x08000290   0x00000040   Code   RO          132  * .text               startup_stm32f446xx.o
    0x080002d0   0x080002d0   0x00000006   Code   RO          154    .text               c_w.l(heapauxi.o)
    0x080002d6   0x080002d6   0x0000004a   Code   RO          174    .text               c_w.l(sys_stackheap_outer.o)
    0x08000320   0x08000320   0x00000012   Code   RO          176    .text               c_w.l(exit.o)
    0x08000332   0x08000332   0x00000002   PAD
    0x08000334   0x08000334   0x00000008   Code   RO          184    .text               c_w.l(libspace.o)
    0x0800033c   0x0800033c   0x0000000c   Code   RO          247    .text               c_w.l(sys_exit.o)
    0x08000348   0x08000348   0x00000002   Code   RO          262    .text               c_w.l(use_no_semi.o)
    0x0800034a   0x0800034a   0x00000000   Code   RO          264    .text               c_w.l(indicate_semi.o)
    0x0800034a   0x0800034a   0x00000002   PAD
    0x0800034c   0x0800034c   0x0000022a   Code   RO           26    .text.EXTI15_10_IRQHandler  final.o
    0x08000576   0x08000576   0x00000002   PAD
    0x08000578   0x08000578   0x00000012   Code   RO          139    .text.SystemInit    system_stm32f4xx.o
    0x0800058a   0x0800058a   0x00000002   PAD
    0x0800058c   0x0800058c   0x00000030   Code   RO           24    .text.__NVIC_EnableIRQ  final.o
    0x080005bc   0x080005bc   0x00000042   Code   RO           22    .text.__NVIC_SetPriority  final.o
    0x080005fe   0x080005fe   0x00000002   PAD
    0x08000600   0x08000600   0x00000016   Code   RO           96    .text._delay_cycles  uart.o
    0x08000616   0x08000616   0x00000002   PAD
    0x08000618   0x08000618   0x00000038   Code   RO            2    .text.delayMs       display.o
    0x08000650   0x08000650   0x00000032   Code   RO            4    .text.display_init  display.o
    0x08000682   0x08000682   0x00000002   PAD
    0x08000684   0x08000684   0x00000044   Code   RO           10    .text.display_letter  display.o
    0x080006c8   0x080006c8   0x000002da   Code   RO           43    .text.get_font      fonts.o
    0x080009a2   0x080009a2   0x00000002   PAD
    0x080009a4   0x080009a4   0x000000aa   Code   RO          104    .text.getcUart      uart.o
    0x08000a4e   0x08000a4e   0x00000002   PAD
    0x08000a50   0x08000a50   0x000000d6   Code   RO          108    .text.getsUart      uart.o
    0x08000b26   0x08000b26   0x00000002   PAD
    0x08000b28   0x08000b28   0x00000088   Code   RO           94    .text.initUart      uart.o
    0x08000bb0   0x08000bb0   0x000000aa   Code   RO           30    .text.main          final.o
    0x08000c5a   0x08000c5a   0x00000002   PAD
    0x08000c5c   0x08000c5c   0x000000fc   Code   RO           20    .text.motor_and_display_init  final.o
    0x08000d58   0x08000d58   0x0000002e   Code   RO          100    .text.putcUart      uart.o
    0x08000d86   0x08000d86   0x00000002   PAD
    0x08000d88   0x08000d88   0x00000032   Code   RO          102    .text.putsUart      uart.o
    0x08000dba   0x08000dba   0x00000002   PAD
    0x08000dbc   0x08000dbc   0x0000001e   Code   RO            6    .text.set_leds      display.o
    0x08000dda   0x08000dda   0x00000002   PAD
    0x08000ddc   0x08000ddc   0x0000005e   Code   RO           28    .text.str_populate  final.o
    0x08000e3a   0x08000e3a   0x0000001a   Code   RO          245    x$fpl$fpinit        fz_wm.l(fpinit.o)
    0x08000e54   0x08000e54   0x00000011   Data   RO          122    .rodata.str1.1      uart.o
    0x08000e65   0x08000e65   0x00000003   PAD
    0x08000e68   0x08000e68   0x00000020   Data   RO          320    Region$$Table       anon$$obj.o


    Execution Region ER_RW (Exec base: 0x20000000, Load base: 0x08000e88, Size: 0x000000e8, Max: 0xffffffff, ABSOLUTE)

    Exec Addr    Load Addr    Size         Type   Attr      Idx    E Section Name        Object

    0x20000000   0x08000e88   0x00000004   Data   RW          143    .data.SystemCoreClock  system_stm32f4xx.o
    0x20000004   0x08000e8c   0x00000005   Data   RW           71    .data.font_0        fonts.o
    0x20000009   0x08000e91   0x00000005   Data   RW           72    .data.font_1        fonts.o
    0x2000000e   0x08000e96   0x00000005   Data   RW           73    .data.font_2        fonts.o
    0x20000013   0x08000e9b   0x00000005   Data   RW           74    .data.font_3        fonts.o
    0x20000018   0x08000ea0   0x00000005   Data   RW           75    .data.font_4        fonts.o
    0x2000001d   0x08000ea5   0x00000005   Data   RW           76    .data.font_5        fonts.o
    0x20000022   0x08000eaa   0x00000005   Data   RW           77    .data.font_6        fonts.o
    0x20000027   0x08000eaf   0x00000005   Data   RW           78    .data.font_7        fonts.o
    0x2000002c   0x08000eb4   0x00000005   Data   RW           79    .data.font_8        fonts.o
    0x20000031   0x08000eb9   0x00000005   Data   RW           80    .data.font_9        fonts.o
    0x20000036   0x08000ebe   0x00000005   Data   RW           45    .data.font_A        fonts.o
    0x2000003b   0x08000ec3   0x00000005   Data   RW           46    .data.font_B        fonts.o
    0x20000040   0x08000ec8   0x00000005   Data   RW           47    .data.font_C        fonts.o
    0x20000045   0x08000ecd   0x00000005   Data   RW           48    .data.font_D        fonts.o
    0x2000004a   0x08000ed2   0x00000005   Data   RW           49    .data.font_E        fonts.o
    0x2000004f   0x08000ed7   0x00000005   Data   RW           50    .data.font_F        fonts.o
    0x20000054   0x08000edc   0x00000005   Data   RW           51    .data.font_G        fonts.o
    0x20000059   0x08000ee1   0x00000005   Data   RW           52    .data.font_H        fonts.o
    0x2000005e   0x08000ee6   0x00000005   Data   RW           53    .data.font_I        fonts.o
    0x20000063   0x08000eeb   0x00000005   Data   RW           54    .data.font_J        fonts.o
    0x20000068   0x08000ef0   0x00000005   Data   RW           55    .data.font_K        fonts.o
    0x2000006d   0x08000ef5   0x00000005   Data   RW           56    .data.font_L        fonts.o
    0x20000072   0x08000efa   0x00000005   Data   RW           57    .data.font_M        fonts.o
    0x20000077   0x08000eff   0x00000005   Data   RW           58    .data.font_N        fonts.o
    0x2000007c   0x08000f04   0x00000005   Data   RW           59    .data.font_O        fonts.o
    0x20000081   0x08000f09   0x00000005   Data   RW           60    .data.font_P        fonts.o
    0x20000086   0x08000f0e   0x00000005   Data   RW           61    .data.font_Q        fonts.o
    0x2000008b   0x08000f13   0x00000005   Data   RW           62    .data.font_R        fonts.o
    0x20000090   0x08000f18   0x00000005   Data   RW           63    .data.font_S        fonts.o
    0x20000095   0x08000f1d   0x00000005   Data   RW           64    .data.font_T        fonts.o
    0x2000009a   0x08000f22   0x00000005   Data   RW           65    .data.font_U        fonts.o
    0x2000009f   0x08000f27   0x00000005   Data   RW           66    .data.font_V        fonts.o
    0x200000a4   0x08000f2c   0x00000005   Data   RW           67    .data.font_W        fonts.o
    0x200000a9   0x08000f31   0x00000005   Data   RW           68    .data.font_X        fonts.o
    0x200000ae   0x08000f36   0x00000005   Data   RW           69    .data.font_Y        fonts.o
    0x200000b3   0x08000f3b   0x00000005   Data   RW           70    .data.font_Z        fonts.o
    0x200000b8   0x08000f40   0x00000005   Data   RW           86    .data.font_colon    fonts.o
    0x200000bd   0x08000f45   0x00000005   Data   RW           82    .data.font_comma    fonts.o
    0x200000c2   0x08000f4a   0x00000005   Data   RW           85    .data.font_dash     fonts.o
    0x200000c7   0x08000f4f   0x00000005   Data   RW           83    .data.font_exclam   fonts.o
    0x200000cc   0x08000f54   0x00000005   Data   RW           81    .data.font_period   fonts.o
    0x200000d1   0x08000f59   0x00000005   Data   RW           84    .data.font_question  fonts.o
    0x200000d6   0x08000f5e   0x00000012   Data   RW           32    .data.string_display  final.o


    Execution Region ER_ZI (Exec base: 0x200000e8, Load base: 0x08000f70, Size: 0x00000668, Max: 0xffffffff, ABSOLUTE)

    Exec Addr    Load Addr    Size         Type   Attr      Idx    E Section Name        Object

    0x200000e8        -       0x00000060   Zero   RW          185    .bss                c_w.l(libspace.o)
    0x20000148        -       0x00000005   Zero   RW           87    .bss.font_space     fonts.o
    0x2000014d        -       0x00000001   Zero   RW           34    .bss.motor_run      final.o
    0x2000014e        -       0x00000001   Zero   RW           33    .bss.section        final.o
    0x2000014f   0x08000f70   0x00000001   PAD
    0x20000150        -       0x00000200   Zero   RW          130    HEAP                startup_stm32f446xx.o
    0x20000350        -       0x00000400   Zero   RW          129    STACK               startup_stm32f446xx.o


==============================================================================

Image component sizes


      Code (inc. data)   RO Data    RW Data    ZI Data      Debug   Object Name

       204          0          0          0          0       2631   display.o
      1184         18          0         18          2       6985   final.o
       730        180          0        210          5       1803   fonts.o
        64         26        452          0       1536        932   startup_stm32f446xx.o
        18          0          0          4          0       2890   system_stm32f4xx.o
       638          0         17          0          0       5108   uart.o

    ----------------------------------------------------------------------
      2862        224        504        232       1544      20349   Object Totals
         0          0         32          0          0          0   (incl. Generated)
        24          0          3          0          1          0   (incl. Padding)

    ----------------------------------------------------------------------

      Code (inc. data)   RO Data    RW Data    ZI Data      Debug   Library Member Name

         8          0          0          0          0         68   __main.o
         0          0          0          0          0          0   __rtentry.o
        12          0          0          0          0          0   __rtentry2.o
         6          0          0          0          0          0   __rtentry4.o
        94          8          0          0          0          0   __scatter.o
        26          0          0          0          0          0   __scatter_copy.o
        28          0          0          0          0          0   __scatter_zi.o
        18          0          0          0          0         80   exit.o
         6          0          0          0          0        152   heapauxi.o
         0          0          0          0          0          0   indicate_semi.o
         2          0          0          0          0          0   libinit.o
         6          0          0          0          0          0   libinit2.o
         2          0          0          0          0          0   libshutdown.o
         2          0          0          0          0          0   libshutdown2.o
         8          4          0          0         96         68   libspace.o
         2          0          0          0          0          0   rtexit.o
        10          0          0          0          0          0   rtexit2.o
        12          4          0          0          0         68   sys_exit.o
        74          0          0          0          0         80   sys_stackheap_outer.o
         2          0          0          0          0         68   use_no_semi.o
        26          0          0          0          0        116   fpinit.o

    ----------------------------------------------------------------------
       354         16          0          0         96        700   Library Totals
        10          0          0          0          0          0   (incl. Padding)

    ----------------------------------------------------------------------

      Code (inc. data)   RO Data    RW Data    ZI Data      Debug   Library Name

       318         16          0          0         96        584   c_w.l
        26          0          0          0          0        116   fz_wm.l

    ----------------------------------------------------------------------
       354         16          0          0         96        700   Library Totals

    ----------------------------------------------------------------------

==============================================================================


      Code (inc. data)   RO Data    RW Data    ZI Data      Debug   

      3216        240        504        232       1640      20881   Grand Totals
      3216        240        504        232       1640      20881   ELF Image Totals
      3216        240        504        232          0          0   ROM Totals

==============================================================================

    Total RO  Size (Code + RO Data)                 3720 (   3.63kB)
    Total RW  Size (RW Data + ZI Data)              1872 (   1.83kB)
    Total ROM Size (Code + RO Data + RW Data)       3952 (   3.86kB)

==============================================================================

